vti_encoding:SR|utf8-nl
vti_timelastmodified:TR|21 Feb 2007 16:21:16 -0000
vti_extenderversion:SR|4.0.2.8912
vti_filesize:IR|480
vti_backlinkinfo:VX|
vti_cacheddtm:TX|21 Feb 2007 16:21:16 -0000
vti_cachedlinkinfo:VX|D|clsid:D27CDB6E-AE6D-11cf-96B8-444553540000 S|Golden_Pratt_PT243.swf
vti_cachedsvcrellinks:VX|NDUS|clsid:D27CDB6E-AE6D-11cf-96B8-444553540000 FSUS|Golden/Golden_Pratt_PT243.swf
vti_cachedbodystyle:SR|<body bgcolor=#000000>
vti_cachedhasbots:BR|false
vti_cachedhastheme:BR|false
vti_cachedhasborder:BR|false
