vti_encoding:SR|utf8-nl
vti_author:SR|David
vti_modifiedby:SR|David
vti_timecreated:TR|21 Feb 2007 16:04:05 -0000
vti_timelastmodified:TR|07 Jun 2007 20:01:59 -0000
vti_filesize:IR|1779
vti_title:SR|Prattville Phoenix PT243
vti_metatags:VR|HTTP-EQUIV=Content-Type text/html;\\ charset=windows-1252 GENERATOR Microsoft\\ FrontPage\\ 4.0 ProgId FrontPage.Editor.Document
vti_progid:SR|FrontPage.Editor.Document
vti_generator:SR|Microsoft FrontPage 4.0
vti_extenderversion:SR|4.0.2.8912
vti_backlinkinfo:VX|
vti_nexttolasttimemodified:TR|06 Mar 2007 02:35:27 -0000
vti_cacheddtm:TX|07 Jun 2007 20:01:59 -0000
vti_cachedlinkinfo:VX|
vti_cachedsvcrellinks:VX|
vti_cachedtitle:SR|Prattville Phoenix PT243
vti_cachedbodystyle:SR|<body leftmargin="0" marginwidth="0" topmargin="0" marginheight="0" </body bgcolor="#333333" text="#C8C9B4" link="#C8C9B4" vlink="#C8C9B4">
vti_cachedhasbots:BR|true
vti_cachedhastheme:BR|false
vti_cachedhasborder:BR|false
vti_borderaggregate:SR|default
