<html>

<head>
<meta http-equiv="Content-Type" content="text/html; charset=windows-1252">
<meta name="GENERATOR" content="Microsoft FrontPage 4.0">
<meta name="ProgId" content="FrontPage.Editor.Document">
<title>Prattville Phoenix PT243</title>
<style fprolloverstyle>a:hover      { color: #FF0000; font-family: Tempus Sans ITC }
</style>
</head>

<body leftmargin="0" marginwidth="0" topmargin="0" marginheight="0" </body bgcolor="#333333" text="#C8C9B4" link="#C8C9B4" vlink="#C8C9B4">

<p>&nbsp;</p>
<p align="center"><font face="Gill Sans MT"><b>Phoenix PT243
Digital Organ<br>
</b><font size="1">installed at<br>
St. Mark's Episcopal Church - Prattville, AL</font></font></p>
<div align="center">
<center>
<table border="1" cellpadding="5" cellspacing="0" bordercolor="#CC0000" bgcolor="#000000">
<tr>
<td><!--webbot bot="HTMLMarkup" startspan --><html>
<body bgcolor=#000000>
<center>
<object classid="clsid:D27CDB6E-AE6D-11cf-96B8-444553540000" width="320" height="250">
  <param name="MOVIE" value="Golden_Pratt_PT243.swf">
  <param name="QUALITY" value="HIGH">
  <param name="BGCOLOR" value="#000000">
     <embed src="Golden_Pratt_PT243.swf"
            quality="high"
            type="application/x-shockwave-flash"
            bgcolor="#000000"
            width="320" height="250">
</object></center>
</body>
</html><!--webbot bot="HTMLMarkup" endspan --></td>
</tr>
</table>
</center>
</div>
<p align="center"><font face="Gill Sans MT" size="2">Video
of Joseph Golden informally &quot;exploring&quot; the <br>
new Phoenix Organ after voicing session.<br>
<br>
<br>
<br>
</font><font face="Gill Sans MT" size="1">BACK</font><font face="Gill Sans MT" size="2"><br>
<br>
<br>
<br>
</font></p>

</body>

</html>
