<html>
<body bgcolor=#000000>
<center>
<object classid="clsid:D27CDB6E-AE6D-11cf-96B8-444553540000" width="320" height="252">
  <param name="MOVIE" value="Golden_Pratt_PT243.swf">
  <param name="QUALITY" value="HIGH">
  <param name="BGCOLOR" value="#000000">
     <embed src="Golden_Pratt_PT243.swf"
            quality="high"
            type="application/x-shockwave-flash"
            bgcolor="#000000"
            width="320" height="252">
</object></center>
</body>
</html>
